[
   {
      "Name": "rpool",
      "Mountpoint": "/",
      "CanMount": "off",
      "Sources": {
         "Mountpoint": "local",
         "BootFS": "none",
         "LastUsed": "none",
         "BootfsDatasets": "none"
      }
   },
   {
      "Name": "rpool/ROOT",
      "Mountpoint": "/ROOT",
      "CanMount": "off",
      "Sources": {
         "Mountpoint": "inherited",
         "BootFS": "none",
         "LastUsed": "none",
         "BootfsDatasets": "none"
      }
   },
   {
      "Name": "rpool/ROOT/ubuntu_5678",
      "Mountpoint": "/",
      "CanMount": "noauto",
      "BootFS": true,
      "BootfsDatasets": "rpool/path/to/dataset",
      "Sources": {
         "Mountpoint": "local",
         "BootFS": "local",
         "LastUsed": "none",
         "BootfsDatasets": "local"
      }
   },
   {
      "Name": "rpool/ROOT/ubuntu_5678/opt",
      "Mountpoint": "/opt",
      "CanMount": "noauto",
      "BootFS": true,
      "BootfsDatasets": "rpool/path/to/dataset",
      "Sources": {
         "Mountpoint": "inherited",
         "BootFS": "rpool/ROOT/ubuntu_5678",
         "LastUsed": "none",
         "BootfsDatasets": "rpool/ROOT/ubuntu_5678"
      }
   },
   {
      "Name": "rpool/ROOT/ubuntu_5678/opt@snap_r1",
      "IsSnapshot": true,
      "Mountpoint": "/opt",
      "CanMount": "noauto",
      "BootFS": true,
      "LastUsed": 2000000000,
      "BootfsDatasets": "rpool/path/to/dataset",
      "Sources": {
         "Mountpoint": "inherited",
         "BootFS": "rpool/ROOT/ubuntu_5678",
         "LastUsed": "none",
         "BootfsDatasets": "rpool/ROOT/ubuntu_5678"
      }
   },
   {
      "Name": "rpool/ROOT/ubuntu_5678/var",
      "Mountpoint": "/var",
      "CanMount": "noauto",
      "BootFS": true,
      "BootfsDatasets": "rpool/path/to/dataset",
      "Sources": {
         "Mountpoint": "inherited",
         "BootFS": "rpool/ROOT/ubuntu_5678",
         "LastUsed": "none",
         "BootfsDatasets": "rpool/ROOT/ubuntu_5678"
      }
   },
   {
      "Name": "rpool/ROOT/ubuntu_5678/var/lib",
      "Mountpoint": "/var/lib",
      "CanMount": "noauto",
      "BootfsDatasets": "rpool/path/to/dataset",
      "Sources": {
         "Mountpoint": "inherited",
         "BootFS": "local",
         "LastUsed": "none",
         "BootfsDatasets": "rpool/ROOT/ubuntu_5678"
      }
   },
   {
      "Name": "rpool/ROOT/ubuntu_5678/var/lib/apt",
      "Mountpoint": "/var/lib/apt",
      "CanMount": "noauto",
      "BootfsDatasets": "rpool/path/to/dataset",
      "Sources": {
         "Mountpoint": "inherited",
         "BootFS": "rpool/ROOT/ubuntu_5678/var/lib",
         "LastUsed": "none",
         "BootfsDatasets": "rpool/ROOT/ubuntu_5678"
      }
   },
   {
      "Name": "rpool/ROOT/ubuntu_5678/var/lib/apt@snap_r1",
      "IsSnapshot": true,
      "Mountpoint": "/var/lib/apt",
      "CanMount": "noauto",
      "LastUsed": 2000000000,
      "BootfsDatasets": "rpool/path/to/dataset",
      "Sources": {
         "Mountpoint": "inherited",
         "BootFS": "rpool/ROOT/ubuntu_5678/var/lib",
         "LastUsed": "none",
         "BootfsDatasets": "rpool/ROOT/ubuntu_5678"
      }
   },
   {
      "Name": "rpool/ROOT/ubuntu_5678/var/lib@snap_r1",
      "IsSnapshot": true,
      "Mountpoint": "/var/lib",
      "CanMount": "noauto",
      "LastUsed": 2000000000,
      "BootfsDatasets": "rpool/path/to/dataset",
      "Sources": {
         "Mountpoint": "inherited",
         "BootFS": "rpool/ROOT/ubuntu_5678/var/lib",
         "LastUsed": "none",
         "BootfsDatasets": "rpool/ROOT/ubuntu_5678"
      }
   },
   {
      "Name": "rpool/ROOT/ubuntu_5678/var@snap_r1",
      "IsSnapshot": true,
      "Mountpoint": "/var",
      "CanMount": "noauto",
      "BootFS": true,
      "LastUsed": 2000000000,
      "BootfsDatasets": "rpool/path/to/dataset",
      "Sources": {
         "Mountpoint": "inherited",
         "BootFS": "rpool/ROOT/ubuntu_5678",
         "LastUsed": "none",
         "BootfsDatasets": "rpool/ROOT/ubuntu_5678"
      }
   },
   {
      "Name": "rpool/ROOT/ubuntu_5678@snap_r1",
      "IsSnapshot": true,
      "Mountpoint": "/",
      "CanMount": "noauto",
      "BootFS": true,
      "LastUsed": 2000000000,
      "BootfsDatasets": "rpool/path/to/dataset",
      "Sources": {
         "Mountpoint": "local",
         "BootFS": "rpool/ROOT/ubuntu_5678",
         "LastUsed": "none",
         "BootfsDatasets": "rpool/ROOT/ubuntu_5678"
      }
   }
]