[
   {
      "Name": "rpool",
      "Mountpoint": "/",
      "CanMount": "off",
      "Sources": {
         "Mountpoint": "local",
         "BootFS": "none",
         "LastUsed": "none",
         "BootfsDatasets": "none"
      }
   },
   {
      "Name": "rpool/ROOT",
      "Mountpoint": "/ROOT",
      "CanMount": "off",
      "Sources": {
         "Mountpoint": "inherited",
         "BootFS": "none",
         "LastUsed": "none",
         "BootfsDatasets": "none"
      }
   },
   {
      "Name": "rpool/ROOT/ubuntu_1234",
      "Mountpoint": "/",
      "CanMount": "on",
      "BootFS": "yes",
      "LastUsed": 1555555555,
      "BootfsDatasets": "rpool/path/to/dataset",
      "Sources": {
         "Mountpoint": "local",
         "BootFS": "local",
         "LastUsed": "local",
         "BootfsDatasets": "local"
      }
   },
   {
      "Name": "rpool/ROOT/ubuntu_1234/opt",
      "Mountpoint": "/opt",
      "CanMount": "on",
      "BootFS": "yes",
      "LastUsed": 1555555555,
      "BootfsDatasets": "rpool/path/to/dataset",
      "Sources": {
         "Mountpoint": "inherited",
         "BootFS": "rpool/ROOT/ubuntu_1234",
         "LastUsed": "rpool/ROOT/ubuntu_1234",
         "BootfsDatasets": "rpool/ROOT/ubuntu_1234"
      }
   },
   {
      "Name": "rpool/ROOT/ubuntu_1234/var",
      "Mountpoint": "/var",
      "CanMount": "on",
      "BootFS": "yes",
      "LastUsed": 1555555555,
      "BootfsDatasets": "rpool/path/to/dataset",
      "Sources": {
         "Mountpoint": "inherited",
         "BootFS": "rpool/ROOT/ubuntu_1234",
         "LastUsed": "rpool/ROOT/ubuntu_1234",
         "BootfsDatasets": "rpool/ROOT/ubuntu_1234"
      }
   },
   {
      "Name": "rpool/ROOT/ubuntu_1234/var/lib",
      "Mountpoint": "/var/lib",
      "CanMount": "on",
      "BootFS": "no",
      "LastUsed": 1555555555,
      "BootfsDatasets": "rpool/path/to/dataset",
      "Sources": {
         "Mountpoint": "inherited",
         "BootFS": "local",
         "LastUsed": "rpool/ROOT/ubuntu_1234",
         "BootfsDatasets": "rpool/ROOT/ubuntu_1234"
      }
   }
]