[
   {
      "Name": "testsnapshot_recursive_snapshot_on_leaf_dataset-rpool",
      "IsSnapshot": false,
      "Mountpoint": "/",
      "CanMount": "on",
      "BootFS": "yes",
      "LastUsed": 1555555555,
      "SystemDataset": ""
   },
   {
      "Name": "testsnapshot_recursive_snapshot_on_leaf_dataset-rpool@snap1",
      "IsSnapshot": true,
      "Mountpoint": "",
      "CanMount": "",
      "BootFS": "yes",
      "LastUsed": 2000000000,
      "SystemDataset": ""
   }
]