[
   {
      "Name": "testsnapshot_simple_snapshotn_even_if_on_subdataset_already_exists-rpool",
      "IsSnapshot": false,
      "Mountpoint": "/",
      "CanMount": "off",
      "BootFS": "",
      "LastUsed": 0,
      "SystemDataset": ""
   },
   {
      "Name": "testsnapshot_simple_snapshotn_even_if_on_subdataset_already_exists-rpool/ROOT",
      "IsSnapshot": false,
      "Mountpoint": "/ROOT",
      "CanMount": "off",
      "BootFS": "",
      "LastUsed": 0,
      "SystemDataset": ""
   },
   {
      "Name": "testsnapshot_simple_snapshotn_even_if_on_subdataset_already_exists-rpool/ROOT/ubuntu_1234",
      "IsSnapshot": false,
      "Mountpoint": "/",
      "CanMount": "on",
      "BootFS": "yes",
      "LastUsed": 1555555555,
      "SystemDataset": ""
   },
   {
      "Name": "testsnapshot_simple_snapshotn_even_if_on_subdataset_already_exists-rpool/ROOT/ubuntu_1234/opt",
      "IsSnapshot": false,
      "Mountpoint": "/opt",
      "CanMount": "on",
      "BootFS": "yes",
      "LastUsed": 1555555555,
      "SystemDataset": ""
   },
   {
      "Name": "testsnapshot_simple_snapshotn_even_if_on_subdataset_already_exists-rpool/ROOT/ubuntu_1234/opt@snap_r1",
      "IsSnapshot": true,
      "Mountpoint": "",
      "CanMount": "",
      "BootFS": "yes",
      "LastUsed": 2000000000,
      "SystemDataset": ""
   },
   {
      "Name": "testsnapshot_simple_snapshotn_even_if_on_subdataset_already_exists-rpool/ROOT/ubuntu_1234/opt@snap_r2",
      "IsSnapshot": true,
      "Mountpoint": "",
      "CanMount": "",
      "BootFS": "yes",
      "LastUsed": 2000000000,
      "SystemDataset": ""
   },
   {
      "Name": "testsnapshot_simple_snapshotn_even_if_on_subdataset_already_exists-rpool/ROOT/ubuntu_1234/var",
      "IsSnapshot": false,
      "Mountpoint": "/var",
      "CanMount": "on",
      "BootFS": "yes",
      "LastUsed": 1555555555,
      "SystemDataset": ""
   },
   {
      "Name": "testsnapshot_simple_snapshotn_even_if_on_subdataset_already_exists-rpool/ROOT/ubuntu_1234/var/lib",
      "IsSnapshot": false,
      "Mountpoint": "/var/lib",
      "CanMount": "on",
      "BootFS": "no",
      "LastUsed": 1555555555,
      "SystemDataset": ""
   },
   {
      "Name": "testsnapshot_simple_snapshotn_even_if_on_subdataset_already_exists-rpool/ROOT/ubuntu_1234/var/lib@snap_r1",
      "IsSnapshot": true,
      "Mountpoint": "",
      "CanMount": "",
      "BootFS": "no",
      "LastUsed": 2000000000,
      "SystemDataset": ""
   },
   {
      "Name": "testsnapshot_simple_snapshotn_even_if_on_subdataset_already_exists-rpool/ROOT/ubuntu_1234/var/lib@snap_r2",
      "IsSnapshot": true,
      "Mountpoint": "",
      "CanMount": "",
      "BootFS": "no",
      "LastUsed": 2000000000,
      "SystemDataset": ""
   },
   {
      "Name": "testsnapshot_simple_snapshotn_even_if_on_subdataset_already_exists-rpool/ROOT/ubuntu_1234/var@snap_r1",
      "IsSnapshot": true,
      "Mountpoint": "",
      "CanMount": "",
      "BootFS": "yes",
      "LastUsed": 2000000000,
      "SystemDataset": ""
   },
   {
      "Name": "testsnapshot_simple_snapshotn_even_if_on_subdataset_already_exists-rpool/ROOT/ubuntu_1234/var@snap_r2",
      "IsSnapshot": true,
      "Mountpoint": "",
      "CanMount": "",
      "BootFS": "yes",
      "LastUsed": 2000000000,
      "SystemDataset": ""
   },
   {
      "Name": "testsnapshot_simple_snapshotn_even_if_on_subdataset_already_exists-rpool/ROOT/ubuntu_1234@snap_r1",
      "IsSnapshot": true,
      "Mountpoint": "",
      "CanMount": "",
      "BootFS": "yes",
      "LastUsed": 2000000000,
      "SystemDataset": ""
   },
   {
      "Name": "testsnapshot_simple_snapshotn_even_if_on_subdataset_already_exists-rpool/ROOT/ubuntu_1234@snap_r2",
      "IsSnapshot": true,
      "Mountpoint": "",
      "CanMount": "",
      "BootFS": "yes",
      "LastUsed": 2000000000,
      "SystemDataset": ""
   },
   {
      "Name": "testsnapshot_simple_snapshotn_even_if_on_subdataset_already_exists-rpool/ROOT@snap_r1",
      "IsSnapshot": true,
      "Mountpoint": "",
      "CanMount": "",
      "BootFS": "",
      "LastUsed": 2000000000,
      "SystemDataset": ""
   }
]