[
   {
      "Name": "rpool",
      "IsSnapshot": false,
      "Mountpoint": "/",
      "CanMount": "off",
      "BootFS": "",
      "LastUsed": 0,
      "SystemDataset": "",
      "Origin": "",
      "Sources": {
         "Mountpoint": "local",
         "CanMount": "local",
         "BootFS": "none",
         "LastUsed": "none",
         "SystemDataset": "none"
      }
   },
   {
      "Name": "rpool/ROOT",
      "IsSnapshot": false,
      "Mountpoint": "/ROOT",
      "CanMount": "off",
      "BootFS": "",
      "LastUsed": 0,
      "SystemDataset": "",
      "Origin": "",
      "Sources": {
         "Mountpoint": "inherited",
         "CanMount": "local",
         "BootFS": "none",
         "LastUsed": "none",
         "SystemDataset": "none"
      }
   },
   {
      "Name": "rpool/ROOT/ubuntu",
      "IsSnapshot": false,
      "Mountpoint": "/",
      "CanMount": "on",
      "BootFS": "yes",
      "LastUsed": 1555555555,
      "SystemDataset": "rpool/path/to/dataset",
      "Origin": "",
      "Sources": {
         "Mountpoint": "local",
         "CanMount": "local",
         "BootFS": "local",
         "LastUsed": "local",
         "SystemDataset": "local"
      }
   },
   {
      "Name": "rpool/ROOT/ubuntu/opt",
      "IsSnapshot": false,
      "Mountpoint": "/opt",
      "CanMount": "on",
      "BootFS": "yes",
      "LastUsed": 1555555555,
      "SystemDataset": "rpool/path/to/dataset",
      "Origin": "",
      "Sources": {
         "Mountpoint": "inherited",
         "CanMount": "local",
         "BootFS": "rpool/ROOT/ubuntu",
         "LastUsed": "rpool/ROOT/ubuntu",
         "SystemDataset": "rpool/ROOT/ubuntu"
      }
   },
   {
      "Name": "rpool/ROOT/ubuntu/opt@snap_r1",
      "IsSnapshot": true,
      "Mountpoint": "/opt",
      "CanMount": "on",
      "BootFS": "yes",
      "LastUsed": 2000000000,
      "SystemDataset": "rpool/path/to/dataset",
      "Origin": "",
      "Sources": {
         "Mountpoint": "inherited",
         "CanMount": "local",
         "BootFS": "rpool/ROOT/ubuntu",
         "LastUsed": "none",
         "SystemDataset": "rpool/ROOT/ubuntu"
      }
   },
   {
      "Name": "rpool/ROOT/ubuntu/opt@snap_r2",
      "IsSnapshot": true,
      "Mountpoint": "/opt",
      "CanMount": "on",
      "BootFS": "yes",
      "LastUsed": 2000000000,
      "SystemDataset": "rpool/path/to/dataset",
      "Origin": "",
      "Sources": {
         "Mountpoint": "inherited",
         "CanMount": "local",
         "BootFS": "rpool/ROOT/ubuntu",
         "LastUsed": "none",
         "SystemDataset": "rpool/ROOT/ubuntu"
      }
   },
   {
      "Name": "rpool/ROOT/ubuntu/var",
      "IsSnapshot": false,
      "Mountpoint": "/var",
      "CanMount": "on",
      "BootFS": "yes",
      "LastUsed": 1555555555,
      "SystemDataset": "rpool/path/to/dataset",
      "Origin": "",
      "Sources": {
         "Mountpoint": "inherited",
         "CanMount": "local",
         "BootFS": "rpool/ROOT/ubuntu",
         "LastUsed": "rpool/ROOT/ubuntu",
         "SystemDataset": "rpool/ROOT/ubuntu"
      }
   },
   {
      "Name": "rpool/ROOT/ubuntu/var/lib",
      "IsSnapshot": false,
      "Mountpoint": "/var/lib",
      "CanMount": "on",
      "BootFS": "no",
      "LastUsed": 1555555555,
      "SystemDataset": "rpool/path/to/dataset",
      "Origin": "",
      "Sources": {
         "Mountpoint": "inherited",
         "CanMount": "local",
         "BootFS": "local",
         "LastUsed": "rpool/ROOT/ubuntu",
         "SystemDataset": "rpool/ROOT/ubuntu"
      }
   },
   {
      "Name": "rpool/ROOT/ubuntu/var/lib/apt",
      "IsSnapshot": false,
      "Mountpoint": "/var/lib/apt",
      "CanMount": "on",
      "BootFS": "no",
      "LastUsed": 1555555555,
      "SystemDataset": "rpool/path/to/dataset",
      "Origin": "",
      "Sources": {
         "Mountpoint": "inherited",
         "CanMount": "local",
         "BootFS": "rpool/ROOT/ubuntu/var/lib",
         "LastUsed": "rpool/ROOT/ubuntu",
         "SystemDataset": "rpool/ROOT/ubuntu"
      }
   },
   {
      "Name": "rpool/ROOT/ubuntu/var/lib/apt@snap_r1",
      "IsSnapshot": true,
      "Mountpoint": "/var/lib/apt",
      "CanMount": "on",
      "BootFS": "no",
      "LastUsed": 2000000000,
      "SystemDataset": "rpool/path/to/dataset",
      "Origin": "",
      "Sources": {
         "Mountpoint": "inherited",
         "CanMount": "local",
         "BootFS": "rpool/ROOT/ubuntu/var/lib",
         "LastUsed": "none",
         "SystemDataset": "rpool/ROOT/ubuntu"
      }
   },
   {
      "Name": "rpool/ROOT/ubuntu/var/lib/apt@snap_r2",
      "IsSnapshot": true,
      "Mountpoint": "/var/lib/apt",
      "CanMount": "on",
      "BootFS": "no",
      "LastUsed": 2000000000,
      "SystemDataset": "rpool/path/to/dataset",
      "Origin": "",
      "Sources": {
         "Mountpoint": "inherited",
         "CanMount": "local",
         "BootFS": "rpool/ROOT/ubuntu/var/lib",
         "LastUsed": "none",
         "SystemDataset": "rpool/ROOT/ubuntu"
      }
   },
   {
      "Name": "rpool/ROOT/ubuntu/var/lib@snap_r1",
      "IsSnapshot": true,
      "Mountpoint": "/var/lib",
      "CanMount": "on",
      "BootFS": "no",
      "LastUsed": 2000000000,
      "SystemDataset": "rpool/path/to/dataset",
      "Origin": "",
      "Sources": {
         "Mountpoint": "inherited",
         "CanMount": "local",
         "BootFS": "rpool/ROOT/ubuntu/var/lib",
         "LastUsed": "none",
         "SystemDataset": "rpool/ROOT/ubuntu"
      }
   },
   {
      "Name": "rpool/ROOT/ubuntu/var/lib@snap_r2",
      "IsSnapshot": true,
      "Mountpoint": "/var/lib",
      "CanMount": "on",
      "BootFS": "no",
      "LastUsed": 2000000000,
      "SystemDataset": "rpool/path/to/dataset",
      "Origin": "",
      "Sources": {
         "Mountpoint": "inherited",
         "CanMount": "local",
         "BootFS": "rpool/ROOT/ubuntu/var/lib",
         "LastUsed": "none",
         "SystemDataset": "rpool/ROOT/ubuntu"
      }
   },
   {
      "Name": "rpool/ROOT/ubuntu/var@snap_r1",
      "IsSnapshot": true,
      "Mountpoint": "/var",
      "CanMount": "on",
      "BootFS": "yes",
      "LastUsed": 2000000000,
      "SystemDataset": "rpool/path/to/dataset",
      "Origin": "",
      "Sources": {
         "Mountpoint": "inherited",
         "CanMount": "local",
         "BootFS": "rpool/ROOT/ubuntu",
         "LastUsed": "none",
         "SystemDataset": "rpool/ROOT/ubuntu"
      }
   },
   {
      "Name": "rpool/ROOT/ubuntu/var@snap_r2",
      "IsSnapshot": true,
      "Mountpoint": "/var",
      "CanMount": "on",
      "BootFS": "yes",
      "LastUsed": 2000000000,
      "SystemDataset": "rpool/path/to/dataset",
      "Origin": "",
      "Sources": {
         "Mountpoint": "inherited",
         "CanMount": "local",
         "BootFS": "rpool/ROOT/ubuntu",
         "LastUsed": "none",
         "SystemDataset": "rpool/ROOT/ubuntu"
      }
   },
   {
      "Name": "rpool/ROOT/ubuntu@snap_r1",
      "IsSnapshot": true,
      "Mountpoint": "/",
      "CanMount": "on",
      "BootFS": "yes",
      "LastUsed": 2000000000,
      "SystemDataset": "rpool/path/to/dataset",
      "Origin": "",
      "Sources": {
         "Mountpoint": "local",
         "CanMount": "local",
         "BootFS": "rpool/ROOT/ubuntu",
         "LastUsed": "none",
         "SystemDataset": "rpool/ROOT/ubuntu"
      }
   },
   {
      "Name": "rpool/ROOT/ubuntu@snap_r2",
      "IsSnapshot": true,
      "Mountpoint": "/",
      "CanMount": "on",
      "BootFS": "yes",
      "LastUsed": 2000000000,
      "SystemDataset": "rpool/path/to/dataset",
      "Origin": "",
      "Sources": {
         "Mountpoint": "local",
         "CanMount": "local",
         "BootFS": "rpool/ROOT/ubuntu",
         "LastUsed": "none",
         "SystemDataset": "rpool/ROOT/ubuntu"
      }
   },
   {
      "Name": "rpool/ROOT/ubuntu_5678",
      "IsSnapshot": false,
      "Mountpoint": "/",
      "CanMount": "noauto",
      "BootFS": "yes",
      "LastUsed": 0,
      "SystemDataset": "rpool/path/to/dataset",
      "Origin": "rpool/ROOT/ubuntu@snap_r1",
      "Sources": {
         "Mountpoint": "local",
         "CanMount": "local",
         "BootFS": "local",
         "LastUsed": "none",
         "SystemDataset": "local"
      }
   }
]