{
   "rpool": "",
   "rpool@snap1": "rpool",
   "rpool_clone": "rpool"
}