{
   "rpool": "",
   "rpool@snap1": "rpool",
   "rpool_clone": "rpool",
   "rpool_clone2": "rpool",
   "rpool_clone@snap2": "rpool"
}