[
   {
      "ID": "rpool",
      "CanBeEnabled": true,
      "SystemDatasets": [
         {
            "Name": "rpool",
            "Mountpoint": "/",
            "CanMount": "on"
         }
      ]
   }
]