[
   {
      "ID": "rpool",
      "SystemDatasets": [
         {
            "Name": "rpool",
            "Mountpoint": "/",
            "CanMount": "off"
         }
      ]
   }
]