{
   "All": {
      "rpool/ROOT/ubuntu_1234": {
         "ID": "rpool/ROOT/ubuntu_1234",
         "IsZsys": true,
         "LastUsed": "2019-04-18T04:45:55+02:00",
         "SystemDatasets": [
            {
               "Name": "rpool/ROOT/ubuntu_1234",
               "Mountpoint": "/",
               "CanMount": "on",
               "BootFS": true,
               "LastUsed": 1555555555
            }
         ],
         "UserDatasets": [
            {
               "Name": "rpool/USERDATA/root_bcde",
               "Mountpoint": "/root",
               "CanMount": "on",
               "LastUsed": 1533333333,
               "BootfsDatasets": "rpool/ROOT/ubuntu_1234"
            },
            {
               "Name": "rpool/USERDATA/user1_abcd",
               "Mountpoint": "/home/user1",
               "CanMount": "on",
               "LastUsed": 1544444444,
               "BootfsDatasets": "rpool/ROOT/ubuntu_1234"
            }
         ],
         "History": {
            "rpool/ROOT/ubuntu_1234@snap1": {
               "ID": "rpool/ROOT/ubuntu_1234@snap1",
               "IsZsys": true,
               "LastUsed": "2015-10-10T04:34:04+02:00",
               "SystemDatasets": [
                  {
                     "Name": "rpool/ROOT/ubuntu_1234@snap1",
                     "IsSnapshot": true,
                     "Mountpoint": "/",
                     "CanMount": "on",
                     "BootFS": true,
                     "LastUsed": 1444444444
                  }
               ],
               "UserDatasets": [
                  {
                     "Name": "rpool/USERDATA/user1_abcd@snap1",
                     "IsSnapshot": true,
                     "Mountpoint": "/home/user1",
                     "CanMount": "on",
                     "LastUsed": 1522222222,
                     "BootfsDatasets": "rpool/ROOT/ubuntu_1234"
                  },
                  {
                     "Name": "rpool/USERDATA/user1_abcd/tools@snap1",
                     "IsSnapshot": true,
                     "Mountpoint": "/home/user1/tools",
                     "CanMount": "on"
                  }
               ]
            }
         }
      }
   },
   "AllSystemDatasets": [
      {
         "Name": "rpool/ROOT/ubuntu_1234",
         "Mountpoint": "/",
         "CanMount": "on",
         "BootFS": true,
         "LastUsed": 1555555555
      },
      {
         "Name": "rpool/ROOT/ubuntu_1234@snap1",
         "IsSnapshot": true,
         "Mountpoint": "/",
         "CanMount": "on",
         "BootFS": true,
         "LastUsed": 1444444444
      }
   ],
   "AllUsersDatasets": [
      {
         "Name": "rpool/USERDATA/root_bcde",
         "Mountpoint": "/root",
         "CanMount": "on",
         "LastUsed": 1533333333,
         "BootfsDatasets": "rpool/ROOT/ubuntu_1234"
      },
      {
         "Name": "rpool/USERDATA/user1_abcd",
         "Mountpoint": "/home/user1",
         "CanMount": "on",
         "LastUsed": 1544444444,
         "BootfsDatasets": "rpool/ROOT/ubuntu_1234"
      },
      {
         "Name": "rpool/USERDATA/user1_abcd@snap1",
         "IsSnapshot": true,
         "Mountpoint": "/home/user1",
         "CanMount": "on",
         "LastUsed": 1522222222,
         "BootfsDatasets": "rpool/ROOT/ubuntu_1234"
      },
      {
         "Name": "rpool/USERDATA/user1_abcd/tools@snap1",
         "IsSnapshot": true,
         "Mountpoint": "/home/user1/tools",
         "CanMount": "on"
      }
   ]
}