[
   {
      "Name": "rpool",
      "IsSnapshot": false,
      "Mountpoint": "/",
      "CanMount": "off",
      "BootFS": "",
      "LastUsed": 0,
      "SystemDataset": ""
   },
   {
      "Name": "rpool/ROOT",
      "IsSnapshot": false,
      "Mountpoint": "/ROOT",
      "CanMount": "off",
      "BootFS": "",
      "LastUsed": 0,
      "SystemDataset": ""
   },
   {
      "Name": "rpool/ROOT/ubuntu",
      "IsSnapshot": false,
      "Mountpoint": "/",
      "CanMount": "on",
      "BootFS": "yes",
      "LastUsed": 1555555555,
      "SystemDataset": ""
   }
]