[
   {
      "Name": "rpool",
      "IsSnapshot": false,
      "Mountpoint": "/boot",
      "CanMount": "off",
      "BootFS": "",
      "LastUsed": 0,
      "SystemDataset": "",
      "Origin": ""
   },
   {
      "Name": "rpool/BOOT",
      "IsSnapshot": false,
      "Mountpoint": "/boot/BOOT",
      "CanMount": "off",
      "BootFS": "",
      "LastUsed": 0,
      "SystemDataset": "",
      "Origin": ""
   },
   {
      "Name": "rpool/BOOT/ubuntu",
      "IsSnapshot": false,
      "Mountpoint": "/boot/BOOT/ubuntu",
      "CanMount": "on",
      "BootFS": "",
      "LastUsed": 1555555555,
      "SystemDataset": "",
      "Origin": ""
   }
]