[
   {
      "Name": "rpool",
      "Mountpoint": "/",
      "CanMount": "on",
      "BootFS": "yes",
      "LastUsed": 1555555555
   },
   {
      "Name": "rpool@snap1",
      "IsSnapshot": true,
      "Mountpoint": "/",
      "CanMount": "on",
      "BootFS": "yes",
      "LastUsed": 2000000000
   }
]