[
   {
      "Name": "rpool",
      "Mountpoint": "/",
      "CanMount": "on",
      "BootFS": true,
      "LastUsed": 1555555555
   }
]