[
   {
      "Name": "testscan_one_pool_n_datasets_n_children-rpool",
      "IsSnapshot": false,
      "Mountpoint": "/",
      "CanMount": "off",
      "BootFS": "",
      "LastUsed": 0,
      "SystemDataset": ""
   },
   {
      "Name": "testscan_one_pool_n_datasets_n_children-rpool/ROOT",
      "IsSnapshot": false,
      "Mountpoint": "/ROOT",
      "CanMount": "off",
      "BootFS": "",
      "LastUsed": 0,
      "SystemDataset": ""
   },
   {
      "Name": "testscan_one_pool_n_datasets_n_children-rpool/ROOT/ubuntu2",
      "IsSnapshot": false,
      "Mountpoint": "/",
      "CanMount": "on",
      "BootFS": "",
      "LastUsed": 1544444444,
      "SystemDataset": ""
   },
   {
      "Name": "testscan_one_pool_n_datasets_n_children-rpool/ROOT/ubuntu",
      "IsSnapshot": false,
      "Mountpoint": "/",
      "CanMount": "on",
      "BootFS": "yes",
      "LastUsed": 1555555555,
      "SystemDataset": ""
   },
   {
      "Name": "testscan_one_pool_n_datasets_n_children-rpool/ROOT/ubuntu/opt",
      "IsSnapshot": false,
      "Mountpoint": "/opt",
      "CanMount": "on",
      "BootFS": "yes",
      "LastUsed": 1555555555,
      "SystemDataset": ""
   },
   {
      "Name": "testscan_one_pool_n_datasets_n_children-rpool/ROOT/ubuntu/var",
      "IsSnapshot": false,
      "Mountpoint": "/var",
      "CanMount": "on",
      "BootFS": "yes",
      "LastUsed": 1555555555,
      "SystemDataset": ""
   },
   {
      "Name": "testscan_one_pool_n_datasets_n_children-rpool/ROOT/ubuntu/var/lib",
      "IsSnapshot": false,
      "Mountpoint": "/var/lib",
      "CanMount": "on",
      "BootFS": "yes",
      "LastUsed": 1555555555,
      "SystemDataset": ""
   }
]