[
   {
      "Name": "rpool",
      "Mountpoint": "/",
      "CanMount": "off",
      "Sources": {
         "Mountpoint": "local"
      }
   },
   {
      "Name": "rpool/ROOT",
      "Mountpoint": "/ROOT",
      "CanMount": "off",
      "Sources": {
         "Mountpoint": "inherited"
      }
   },
   {
      "Name": "rpool/ROOT/ubuntu",
      "Mountpoint": "/",
      "CanMount": "on",
      "BootFS": true,
      "LastUsed": 1555555555,
      "BootfsDatasets": "rpool/ROOT/ubuntu_42",
      "Sources": {
         "Mountpoint": "local",
         "BootFS": "local",
         "LastUsed": "local",
         "BootfsDatasets": "local"
      }
   },
   {
      "Name": "rpool/ROOT/ubuntu/opt",
      "Mountpoint": "/opt",
      "CanMount": "on",
      "LastUsed": 1555555555,
      "BootfsDatasets": "rpool/ROOT/ubuntu_42",
      "Sources": {
         "Mountpoint": "inherited",
         "LastUsed": "rpool/ROOT/ubuntu",
         "BootfsDatasets": "rpool/ROOT/ubuntu"
      }
   },
   {
      "Name": "rpool/ROOT/ubuntu/var",
      "Mountpoint": "/var",
      "CanMount": "on",
      "LastUsed": 1555555555,
      "BootfsDatasets": "SetProperty Value",
      "Sources": {
         "Mountpoint": "inherited",
         "LastUsed": "rpool/ROOT/ubuntu",
         "BootfsDatasets": "local"
      }
   },
   {
      "Name": "rpool/ROOT/ubuntu/var/lib",
      "Mountpoint": "/var/lib",
      "CanMount": "on",
      "LastUsed": 1555555555,
      "BootfsDatasets": "SetProperty Value",
      "Sources": {
         "Mountpoint": "inherited",
         "LastUsed": "rpool/ROOT/ubuntu",
         "BootfsDatasets": "rpool/ROOT/ubuntu/var"
      }
   },
   {
      "Name": "rpool/ROOT/ubuntu2",
      "Mountpoint": "/",
      "CanMount": "on",
      "LastUsed": 1544444444,
      "Sources": {
         "Mountpoint": "local",
         "LastUsed": "local"
      }
   }
]