[
   {
      "Name": "rpool",
      "Mountpoint": "/",
      "CanMount": "on",
      "BootFS": "yes",
      "LastUsed": 1555555555,
      "Sources": {
         "Mountpoint": "local",
         "BootFS": "local",
         "LastUsed": "local",
         "SystemDataset": "none"
      }
   },
   {
      "Name": "rpool@snap1",
      "IsSnapshot": true,
      "Mountpoint": "/",
      "CanMount": "on",
      "BootFS": "yes",
      "LastUsed": 2000000000,
      "SystemDataset": "SetProperty Value",
      "Sources": {
         "Mountpoint": "local",
         "BootFS": "rpool",
         "LastUsed": "none",
         "SystemDataset": "local"
      }
   }
]