{
   "All": {
      "rpool/ROOT/ubuntu_5678": {
         "ID": "rpool/ROOT/ubuntu_5678",
         "IsZsys": true,
         "LastUsed": "2019-12-31T08:36:17+01:00",
         "SystemDatasets": [
            {
               "Name": "rpool/ROOT/ubuntu_5678",
               "Mountpoint": "/",
               "CanMount": "noauto",
               "BootFS": true,
               "LastUsed": 1577777777
            },
            {
               "Name": "rpool/ROOT/ubuntu_5678/opt",
               "Mountpoint": "/opt",
               "CanMount": "noauto"
            }
         ],
         "History": {
            "rpool/ROOT/ubuntu": {
               "ID": "rpool/ROOT/ubuntu",
               "IsZsys": true,
               "LastUsed": "2019-04-18T04:45:55+02:00",
               "SystemDatasets": [
                  {
                     "Name": "rpool/ROOT/ubuntu",
                     "Mountpoint": "/",
                     "CanMount": "on",
                     "BootFS": true,
                     "LastUsed": 1555555555,
                     "Origin": "rpool/ROOT/ubuntu_5678@snap1"
                  },
                  {
                     "Name": "rpool/ROOT/ubuntu/opt",
                     "Mountpoint": "/opt",
                     "CanMount": "on",
                     "Origin": "rpool/ROOT/ubuntu_5678/opt@snap1"
                  }
               ]
            },
            "rpool/ROOT/ubuntu_5678@snap1": {
               "ID": "rpool/ROOT/ubuntu_5678@snap1",
               "IsZsys": true,
               "LastUsed": "2015-10-10T04:34:04+02:00",
               "SystemDatasets": [
                  {
                     "Name": "rpool/ROOT/ubuntu_5678@snap1",
                     "IsSnapshot": true,
                     "Mountpoint": "/",
                     "CanMount": "noauto",
                     "BootFS": true,
                     "LastUsed": 1444444444
                  },
                  {
                     "Name": "rpool/ROOT/ubuntu_5678/opt@snap1",
                     "IsSnapshot": true,
                     "Mountpoint": "/opt",
                     "CanMount": "noauto"
                  }
               ]
            }
         }
      }
   },
   "Current": {
      "ID": "rpool/ROOT/ubuntu_5678",
      "IsZsys": true,
      "LastUsed": "2019-12-31T08:36:17+01:00",
      "SystemDatasets": [
         {
            "Name": "rpool/ROOT/ubuntu_5678",
            "Mountpoint": "/",
            "CanMount": "noauto",
            "BootFS": true,
            "LastUsed": 1577777777
         },
         {
            "Name": "rpool/ROOT/ubuntu_5678/opt",
            "Mountpoint": "/opt",
            "CanMount": "noauto"
         }
      ],
      "History": {
         "rpool/ROOT/ubuntu": {
            "ID": "rpool/ROOT/ubuntu",
            "IsZsys": true,
            "LastUsed": "2019-04-18T04:45:55+02:00",
            "SystemDatasets": [
               {
                  "Name": "rpool/ROOT/ubuntu",
                  "Mountpoint": "/",
                  "CanMount": "on",
                  "BootFS": true,
                  "LastUsed": 1555555555,
                  "Origin": "rpool/ROOT/ubuntu_5678@snap1"
               },
               {
                  "Name": "rpool/ROOT/ubuntu/opt",
                  "Mountpoint": "/opt",
                  "CanMount": "on",
                  "Origin": "rpool/ROOT/ubuntu_5678/opt@snap1"
               }
            ]
         },
         "rpool/ROOT/ubuntu_5678@snap1": {
            "ID": "rpool/ROOT/ubuntu_5678@snap1",
            "IsZsys": true,
            "LastUsed": "2015-10-10T04:34:04+02:00",
            "SystemDatasets": [
               {
                  "Name": "rpool/ROOT/ubuntu_5678@snap1",
                  "IsSnapshot": true,
                  "Mountpoint": "/",
                  "CanMount": "noauto",
                  "BootFS": true,
                  "LastUsed": 1444444444
               },
               {
                  "Name": "rpool/ROOT/ubuntu_5678/opt@snap1",
                  "IsSnapshot": true,
                  "Mountpoint": "/opt",
                  "CanMount": "noauto"
               }
            ]
         }
      }
   },
   "AllSystemDatasets": [
      {
         "Name": "rpool/ROOT/ubuntu_5678",
         "Mountpoint": "/",
         "CanMount": "noauto",
         "BootFS": true,
         "LastUsed": 1577777777
      },
      {
         "Name": "rpool/ROOT/ubuntu_5678/opt",
         "Mountpoint": "/opt",
         "CanMount": "noauto"
      },
      {
         "Name": "rpool/ROOT/ubuntu",
         "Mountpoint": "/",
         "CanMount": "on",
         "BootFS": true,
         "LastUsed": 1555555555,
         "Origin": "rpool/ROOT/ubuntu_5678@snap1"
      },
      {
         "Name": "rpool/ROOT/ubuntu/opt",
         "Mountpoint": "/opt",
         "CanMount": "on",
         "Origin": "rpool/ROOT/ubuntu_5678/opt@snap1"
      },
      {
         "Name": "rpool/ROOT/ubuntu_5678@snap1",
         "IsSnapshot": true,
         "Mountpoint": "/",
         "CanMount": "noauto",
         "BootFS": true,
         "LastUsed": 1444444444
      },
      {
         "Name": "rpool/ROOT/ubuntu_5678/opt@snap1",
         "IsSnapshot": true,
         "Mountpoint": "/opt",
         "CanMount": "noauto"
      }
   ]
}